{
  "components": {
    "responses": {
      "BadRequest": {
        "content": {
          "application/json": {
            "schema": {
              "$ref": "#/components/schemas/Error"
            }
          }
        },
        "description": "The request did not satisfy the requirements"
      },
      "NotFound": {
        "content": {
          "application/json": {
            "schema": {
              "$ref": "#/components/schemas/Error"
            }
          }
        },
        "description": "The specified resource was not found"
      },
      "ResourceDeleted": {
        "description": "Resource deleted"
      },
      "ServerError": {
        "content": {
          "application/json": {
            "schema": {
              "$ref": "#/components/schemas/Error"
            }
          }
        },
        "description": "Internal server error"
      },
      "Unauthorized": {
        "content": {
          "application/json": {
            "schema": {
              "$ref": "#/components/schemas/Error"
            }
          }
        },
        "description": "Unauthorized"
      }
    },
    "schemas": {
      "Error": {
        "properties": {
          "message": {
            "type": "string"
          },
          "status": {
            "type": "string"
          }
        },
        "required": [
          "status",
          "message"
        ],
        "type": "object"
      },
      "searchResultResponse": {
        "properties": {
          "results": {
            "items": {
              "type": "object"
            },
            "type": "array"
          }
        },
        "required": [
          "results"
        ],
        "type": "object"
      }
    }
  },
  "info": {
    "title": "Test Service",
    "version": "1.0.0"
  },
  "openapi": "3.0.0",
  "paths": {
    "/v1/health/ping": {
      "get": {
        "operationId": "getHealthStatus",
        "responses": {
          "200": {
            "content": {
              "application/json": {
                "schema": {
                  "properties": {
                    "status": {
                      "enum": [
                        "SERVING"
                      ],
                      "type": "string"
                    }
                  },
                  "type": "object"
                }
              }
            },
            "description": "Health status"
          }
        },
        "summary": "Verify API health",
        "tags": [
          "health"
        ]
      }
    }
  },
  "servers": [
    {
      "url": "https://test.stg.service.nl"
    }
  ]
}
